// Bun Snapshot v1, https://goo.gl/fbAQLP

exports[`[CIP64Transaction] sign() 1`] = `
Uint8Array [
  184,
  133,
  123,
  248,
  130,
  130,
  173,
  90,
  128,
  99,
  99,
  10,
  148,
  88,
  142,
  75,
  104,
  25,
  48,
  1,
  228,
  209,
  9,
  40,
  102,
  10,
  180,
  22,
  91,
  129,
  55,
  23,
  192,
  136,
  13,
  224,
  182,
  179,
  167,
  100,
  0,
  0,
  131,
  171,
  205,
  239,
  192,
  148,
  205,
  42,
  61,
  159,
  147,
  142,
  19,
  205,
  148,
  126,
  192,
  90,
  188,
  127,
  231,
  52,
  223,
  141,
  216,
  38,
  128,
  160,
  145,
  181,
  80,
  74,
  89,
  229,
  41,
  231,
  239,
  164,
  45,
  187,
  151,
  251,
  195,
  49,
  26,
  145,
  208,
  53,
  200,
  115,
  169,
  74,
  176,
  120,
  148,
  65,
  252,
  152,
  159,
  132,
  160,
  46,
  130,
  84,
  214,
  179,
  16,
  27,
  99,
  65,
  126,
  93,
  73,
  104,
  51,
  188,
  132,
  244,
  131,
  45,
  74,
  139,
  248,
  162,
  184,
  62,
  41,
  29,
  143,
  56,
  192,
  246,
  45,
]
`;

exports[`[CIP64Transaction] fromSerializedTx() 1`] = `
{
  "accessList": [],
  "chainId": "0xad5a",
  "data": "0xabcdef",
  "feeCurrency": "cd2a3d9f938e13cd947ec05abc7fe734df8dd826",
  "gasLimit": "0xa",
  "maxFeePerGas": "0x63",
  "maxPriorityFeePerGas": "0x63",
  "nonce": "0x0",
  "r": "0x91b5504a59e529e7efa42dbb97fbc3311a91d035c873a94ab0789441fc989f84",
  "s": "0x2e8254d6b3101b63417e5d496833bc84f4832d4a8bf8a2b83e291d8f38c0f62d",
  "to": "0x588e4b68193001e4d10928660ab4165b813717c0",
  "v": "0x0",
  "value": "0xde0b6b3a7640000",
}
`;
